Archive member included to satisfy reference by file (symbol)

./lib/libivw3_6.a(IvwObj.o)   ./src/voice_wakeup.o (IvwSetParam)
./lib/libivw3_6.a(IvwEngine.o)
                              ./lib/libivw3_6.a(IvwObj.o) (Ivw582A3038F8E94230886E8034F0B5D)
./lib/libivw3_6.a(IvwFront.o)
                              ./lib/libivw3_6.a(IvwEngine.o) (Ivw188A484C5F41443CA65C632DCEB00)
./lib/libivw3_6.a(IvwMiniDecoder.o)
                              ./lib/libivw3_6.a(IvwEngine.o) (Ivw6FF21B97FD10412FA6EDD5A515290)
./lib/libivw3_6.a(IvwMemory.o)
                              ./lib/libivw3_6.a(IvwFront.o) (Ivw6F3AC527286E4ACE8A9D00C043242)
./lib/libivw3_6.a(IvwMath.o)  ./lib/libivw3_6.a(IvwEngine.o) (Ivw0873AEAB2019445EA5D4EBE39BE96)
./lib/libivw3_6.a(IvwFrontConst.o)
                              ./lib/libivw3_6.a(IvwMath.o) (Ivw27E189A73CA101486161704102408A5E3)
./lib/libivw3_6.a(IvwFrontCache.o)
                              ./lib/libivw3_6.a(IvwFront.o) (Ivw22E87D039917F40EF0FA2C2447EEA46CC)

Discarded input sections

 .reginfo       0x0000000000000000       0x18 ./src/start.o
 .reginfo       0x0000000000000000       0x18 ./src/interface.o
 .comment       0x0000000000000000       0x1e ./src/interface.o
 .gnu.attributes
                0x0000000000000000       0x10 ./src/interface.o
 .reginfo       0x0000000000000000       0x18 ./src/dmic_ops.o
 .comment       0x0000000000000000       0x1e ./src/dmic_ops.o
 .gnu.attributes
                0x0000000000000000       0x10 ./src/dmic_ops.o
 .reginfo       0x0000000000000000       0x18 ./src/dma_ops.o
 .comment       0x0000000000000000       0x1e ./src/dma_ops.o
 .gnu.attributes
                0x0000000000000000       0x10 ./src/dma_ops.o
 .reginfo       0x0000000000000000       0x18 ./src/rtc_ops.o
 .comment       0x0000000000000000       0x1e ./src/rtc_ops.o
 .gnu.attributes
                0x0000000000000000       0x10 ./src/rtc_ops.o
 .reginfo       0x0000000000000000       0x18 ./src/jz_dma.o
 .comment       0x0000000000000000       0x1e ./src/jz_dma.o
 .gnu.attributes
                0x0000000000000000       0x10 ./src/jz_dma.o
 .reginfo       0x0000000000000000       0x18 ./src/trigger_value_adjust.o
 .comment       0x0000000000000000       0x1e ./src/trigger_value_adjust.o
 .gnu.attributes
                0x0000000000000000       0x10 ./src/trigger_value_adjust.o
 .reginfo       0x0000000000000000       0x18 ./src/voice_wakeup.o
 .comment       0x0000000000000000       0x1e ./src/voice_wakeup.o
 .gnu.attributes
                0x0000000000000000       0x10 ./src/voice_wakeup.o
 .reginfo       0x0000000000000000       0x18 ./src/tcu_timer.o
 .comment       0x0000000000000000       0x1e ./src/tcu_timer.o
 .gnu.attributes
                0x0000000000000000       0x10 ./src/tcu_timer.o
 .reginfo       0x0000000000000000       0x18 ./lib/libivw3_6.a(IvwObj.o)
 .comment       0x0000000000000000       0x31 ./lib/libivw3_6.a(IvwObj.o)
 .gnu.attributes
                0x0000000000000000       0x10 ./lib/libivw3_6.a(IvwObj.o)
 .reginfo       0x0000000000000000       0x18 ./lib/libivw3_6.a(IvwEngine.o)
 .comment       0x0000000000000000       0x31 ./lib/libivw3_6.a(IvwEngine.o)
 .gnu.attributes
                0x0000000000000000       0x10 ./lib/libivw3_6.a(IvwEngine.o)
 .reginfo       0x0000000000000000       0x18 ./lib/libivw3_6.a(IvwFront.o)
 .comment       0x0000000000000000       0x31 ./lib/libivw3_6.a(IvwFront.o)
 .gnu.attributes
                0x0000000000000000       0x10 ./lib/libivw3_6.a(IvwFront.o)
 .reginfo       0x0000000000000000       0x18 ./lib/libivw3_6.a(IvwMiniDecoder.o)
 .comment       0x0000000000000000       0x31 ./lib/libivw3_6.a(IvwMiniDecoder.o)
 .gnu.attributes
                0x0000000000000000       0x10 ./lib/libivw3_6.a(IvwMiniDecoder.o)
 .reginfo       0x0000000000000000       0x18 ./lib/libivw3_6.a(IvwMemory.o)
 .comment       0x0000000000000000       0x31 ./lib/libivw3_6.a(IvwMemory.o)
 .gnu.attributes
                0x0000000000000000       0x10 ./lib/libivw3_6.a(IvwMemory.o)
 .reginfo       0x0000000000000000       0x18 ./lib/libivw3_6.a(IvwMath.o)
 .comment       0x0000000000000000       0x31 ./lib/libivw3_6.a(IvwMath.o)
 .gnu.attributes
                0x0000000000000000       0x10 ./lib/libivw3_6.a(IvwMath.o)
 .reginfo       0x0000000000000000       0x18 ./lib/libivw3_6.a(IvwFrontConst.o)
 .comment       0x0000000000000000       0x31 ./lib/libivw3_6.a(IvwFrontConst.o)
 .gnu.attributes
                0x0000000000000000       0x10 ./lib/libivw3_6.a(IvwFrontConst.o)
 .reginfo       0x0000000000000000       0x18 ./lib/libivw3_6.a(IvwFrontCache.o)
 .comment       0x0000000000000000       0x31 ./lib/libivw3_6.a(IvwFrontCache.o)
 .gnu.attributes
                0x0000000000000000       0x10 ./lib/libivw3_6.a(IvwFrontCache.o)

Memory Configuration

Name             Origin             Length             Attributes
voice_mem        0x0000000081f00000 0x0000000000028000 rw
voice_res        0x0000000081f28000 0x0000000000018000 rw
*default*        0x0000000000000000 0xffffffffffffffff

Linker script and memory map


.voice_mem      0x0000000081f00000     0x87d0
                0x0000000081f00000                . = ALIGN (0x4)
 *(.text)
 .text          0x0000000081f00000       0x50 ./src/start.o
                0x0000000081f00000                interface
 .text          0x0000000081f00050      0x900 ./src/interface.o
                0x0000000081f00158                dump_voice_wakeup
                0x0000000081f00228                module_init
                0x0000000081f002a0                module_exit
                0x0000000081f002a8                open
                0x0000000081f003d8                handler
                0x0000000081f005f0                close
                0x0000000081f006d4                set_handler
                0x0000000081f006e4                get_dma_address
                0x0000000081f00708                ioctl
                0x0000000081f00724                cache_prefetch
                0x0000000081f0074c                get_resource_addr
                0x0000000081f00788                process_data
                0x0000000081f007a4                is_cpu_wakeup_by_dmic
                0x0000000081f007ec                set_sleep_buffer
                0x0000000081f00840                get_sleep_process
                0x0000000081f00908                set_dma_channel
                0x0000000081f00930                voice_wakeup_enable
                0x0000000081f0093c                is_voice_wakeup_enabled
 .text          0x0000000081f00950      0xa30 ./src/dmic_ops.o
                0x0000000081f00950                dump_dmic_regs
                0x0000000081f00a7c                dump_gpio
                0x0000000081f00af4                dump_cpm_reg
                0x0000000081f00b58                dmic_clk_config
                0x0000000081f00bd4                gpio_as_dmic
                0x0000000081f00c44                dmic_set_channel
                0x0000000081f00cb0                dmic_init
                0x0000000081f00d1c                cpu_should_sleep
                0x0000000081f00d54                dmic_init_mode
                0x0000000081f00f54                dmic_enable
                0x0000000081f00f84                dmic_disable_tri
                0x0000000081f00fb8                dmic_disable
                0x0000000081f00fd4                reconfig_thr_value
                0x0000000081f01068                dmic_set_samplerate
                0x0000000081f010e4                dmic_ioctl
                0x0000000081f01138                dmic_handler
 .text          0x0000000081f01380      0xbe0 ./src/dma_ops.o
                0x0000000081f01380                build_circ_descs
                0x0000000081f01468                dump_descs
                0x0000000081f015dc                dump_tcsm
                0x0000000081f0165c                dump_dma_register
                0x0000000081f01cdc                dma_set_channel
                0x0000000081f01d24                dma_config_normal
                0x0000000081f01df4                dma_config_early_sleep
                0x0000000081f01ef8                dma_close
                0x0000000081f01f1c                dma_start
                0x0000000081f01f38                dma_stop
 .text          0x0000000081f01f60      0x720 ./src/rtc_ops.o
                0x0000000081f020f4                rtc_set_alarm
                0x0000000081f02148                rtc_init
                0x0000000081f023b4                rtc_exit
                0x0000000081f023dc                process_dmic_timer
                0x0000000081f023f8                rtc_int_handler
 .text          0x0000000081f02680      0x3c0 ./src/jz_dma.o
                0x0000000081f02680                build_one_desc
                0x0000000081f0271c                pdma_config
                0x0000000081f028cc                pdma_start
                0x0000000081f028fc                pdma_wait
                0x0000000081f02984                pdma_end
                0x0000000081f029ac                pdma_trans_addr
 .text          0x0000000081f02a40       0x30 ./src/trigger_value_adjust.o
                0x0000000081f02a40                quantity_tri
                0x0000000081f02a4c                adjust_trigger_value
 .text          0x0000000081f02a70      0xa50 ./src/voice_wakeup.o
                0x0000000081f02ac0                send_data_to_process
                0x0000000081f02de8                wakeup_reset_fifo
                0x0000000081f02e04                wakeup_open
                0x0000000081f02f64                wakeup_close
                0x0000000081f02f6c                get_valid_bytes
                0x0000000081f02fbc                process_nbytes
                0x0000000081f030ec                process_dma_data_3
                0x0000000081f031b4                process_dma_data_2
                0x0000000081f0333c                process_dma_data
                0x0000000081f03478                process_buffer_data
 .text          0x0000000081f034c0      0x370 ./src/tcu_timer.o
                0x0000000081f035c4                tcu_timer_del
                0x0000000081f03600                ms_to_count
                0x0000000081f03620                tcu_timer_mod
                0x0000000081f036e0                tcu_timer_request
                0x0000000081f03780                tcu_timer_release
                0x0000000081f037f0                tcu_timer_handler
 .text          0x0000000081f03830      0xb10 ./lib/libivw3_6.a(IvwObj.o)
                0x0000000081f03830                IvwSetParam
                0x0000000081f03b24                IvwRunStep
                0x0000000081f03b98                IvwRunStepEx
                0x0000000081f03c40                IvwAppendAudioData
                0x0000000081f03cd0                IvwReset
                0x0000000081f03d20                IvwGetVersion
                0x0000000081f03d5c                IvwChkNeededSize
                0x0000000081f03f28                IvwCreateEx
                0x0000000081f040b8                IvwCreate
                0x0000000081f04214                IvwSetThresh
 .text          0x0000000081f04340      0x7d0 ./lib/libivw3_6.a(IvwEngine.o)
                0x0000000081f04340                Ivw582A3038F8E94230886E8034F0B5D
                0x0000000081f04434                Ivw20CE383A817684C9CA7B801E08BCC5E1E
                0x0000000081f0445c                Ivw16E3158F17AD496CB71B7DB0EE820
                0x0000000081f04504                Ivw9B2872550B104C21A43D30AE8F977
                0x0000000081f0495c                Ivw2681C72D235E04AAB07BE4B52CFC2455C
                0x0000000081f0498c                IvwResValidate
                0x0000000081f04a38                IvwInitResidentRAM
 .text          0x0000000081f04b10      0xdc0 ./lib/libivw3_6.a(IvwFront.o)
                0x0000000081f04b10                Ivw6D2E95BD768E495BA5730EC448141
                0x0000000081f04b54                Ivw188A484C5F41443CA65C632DCEB00
                0x0000000081f04bb8                Ivw26983DA04861D5FBEA8BC3031B0E4FDA8
                0x0000000081f04c4c                Ivw235355BEEBC4D4A84148ADDC67987B9A1
                0x0000000081f04d7c                Ivw2022E43F49DAC4CA0BRB8C778473A7E5E
                0x0000000081f054b0                Ivw2837A62AC32B84B58FDAF33ACA28B682D
                0x0000000081f055a8                IvwB3380E2D10DD4CF09C6BFF24D6237
                0x0000000081f05648                Ivw2022E41F49DAC4CF0BCC85778473A7E5F
 .text          0x0000000081f058d0     0x24d0 ./lib/libivw3_6.a(IvwMiniDecoder.o)
                0x0000000081f058d0                ivwDecodeInitScore
                0x0000000081f05b50                Ivw6FF21B97FD10412FA6EDD5A515290
                0x0000000081f05d28                Ivw299454EE8C4541DF9A741BB09595E
                0x0000000081f06110                Ivw6F3AC527286E4ACE8A6700C043241
                0x0000000081f062d8                Ivw6F3AC527286E4ACE8323700C043241
                0x0000000081f06450                Ivw7AD047857C3441B28BDC3CCC479D7
                0x0000000081f066e4                Ivw2D6D5D04A8B9C45A4C98CF08A6D1330A9
                0x0000000081f06758                Ivw8C99CEA68F55487A896D56F2C578F
                0x0000000081f06ce4                IvwDB22C02C987F4A75A7E19AB5D1B29
                0x0000000081f06e3c                Ivw5A9FFFE5F7674764AF1077495118A
                0x0000000081f073e0                Ivw49F0CE68AF0346218FB4F4AD8A121
                0x0000000081f07508                Ivw94DD4B42EB7648F29A6F95A1756DC
                0x0000000081f0777c                Ivw021156235A784BA89796335AF580B
                0x0000000081f07bdc                IvwEAFF272FA3D149A1842D98E4CF87E
                0x0000000081f07cdc                IvwCCC1A45DB2A74B96A92DD89E87CAB
 .text          0x0000000081f07da0       0xc0 ./lib/libivw3_6.a(IvwMemory.o)
                0x0000000081f07da0                Ivw6F3AC527286E4ACE8A9D00C043242
                0x0000000081f07dc0                Ivw138EB59E9E47409CA505802FBDF80
                0x0000000081f07de8                ivwMemComp
 .text          0x0000000081f07e60      0x1a0 ./lib/libivw3_6.a(IvwMath.o)
                0x0000000081f07e60                Ivw2702C1573CA101486161704102408A5E3
                0x0000000081f07ebc                Ivw26983DA03761D4E6EA1BE30A1B0E4FDA8
                0x0000000081f07fa0                Ivw0873AEAB2019445EA5D4EBE39BE96
 .text          0x0000000081f08000        0x0 ./lib/libivw3_6.a(IvwFrontConst.o)
 .text          0x0000000081f08000      0x7d0 ./lib/libivw3_6.a(IvwFrontCache.o)
                0x0000000081f08000                Ivw24AFEE9E6B23D4568D38D2304C9C89072
                0x0000000081f084e8                Ivw22E87D039917F40EF0FA2C2447EEA46CC

.rodata.str1.4  0x0000000081f087d0      0xefc
 .rodata.str1.4
                0x0000000081f087d0      0x17e ./src/interface.o
                                        0x180 (size before relaxing)
 *fill*         0x0000000081f0894e        0x2 
 .rodata.str1.4
                0x0000000081f08950      0x279 ./src/dmic_ops.o
                                        0x27c (size before relaxing)
 *fill*         0x0000000081f08bc9        0x3 
 .rodata.str1.4
                0x0000000081f08bcc      0x650 ./src/dma_ops.o
                                        0x658 (size before relaxing)
 .rodata.str1.4
                0x0000000081f0921c      0x392 ./src/rtc_ops.o
                                        0x394 (size before relaxing)
 *fill*         0x0000000081f095ae        0x2 
 .rodata.str1.4
                0x0000000081f095b0       0x49 ./src/jz_dma.o
                                         0x4c (size before relaxing)
 *fill*         0x0000000081f095f9        0x3 
 .rodata.str1.4
                0x0000000081f095fc       0x5d ./src/voice_wakeup.o
                                         0x60 (size before relaxing)
 *fill*         0x0000000081f09659        0x3 
 .rodata.str1.4
                0x0000000081f0965c       0x70 ./src/tcu_timer.o

.data           0x0000000081f096d0     0x13a0
 *(.data)
 .data          0x0000000081f096d0        0x0 ./src/start.o
 .data          0x0000000081f096d0       0x10 ./src/interface.o
                0x0000000081f096d0                _dma_channel
 .data          0x0000000081f096e0        0x0 ./src/dmic_ops.o
 .data          0x0000000081f096e0       0x10 ./src/dma_ops.o
                0x0000000081f096e0                dma_channel
 .data          0x0000000081f096f0        0x0 ./src/rtc_ops.o
 .data          0x0000000081f096f0        0x0 ./src/jz_dma.o
 .data          0x0000000081f096f0       0x10 ./src/trigger_value_adjust.o
                0x0000000081f096f0                tri_cnt
                0x0000000081f096f8                thr_table
 .data          0x0000000081f09700        0x0 ./src/voice_wakeup.o
 .data          0x0000000081f09700       0x10 ./src/tcu_timer.o
 .data          0x0000000081f09710        0x0 ./lib/libivw3_6.a(IvwObj.o)
 .data          0x0000000081f09710        0x0 ./lib/libivw3_6.a(IvwEngine.o)
 .data          0x0000000081f09710        0x0 ./lib/libivw3_6.a(IvwFront.o)
 .data          0x0000000081f09710        0x0 ./lib/libivw3_6.a(IvwMiniDecoder.o)
 .data          0x0000000081f09710        0x0 ./lib/libivw3_6.a(IvwMemory.o)
 .data          0x0000000081f09710        0x0 ./lib/libivw3_6.a(IvwMath.o)
 .data          0x0000000081f09710        0x0 ./lib/libivw3_6.a(IvwFrontConst.o)
 .data          0x0000000081f09710        0x0 ./lib/libivw3_6.a(IvwFrontCache.o)
 *(.rodata)
 .rodata        0x0000000081f09710       0x10 ./src/dma_ops.o
 .rodata        0x0000000081f09720       0x20 ./src/rtc_ops.o
 .rodata        0x0000000081f09740       0x20 ./src/voice_wakeup.o
 .rodata        0x0000000081f09760       0x30 ./lib/libivw3_6.a(IvwObj.o)
 .rodata        0x0000000081f09790       0x70 ./lib/libivw3_6.a(IvwMiniDecoder.o)
 .rodata        0x0000000081f09800     0x1270 ./lib/libivw3_6.a(IvwFrontConst.o)
                0x0000000081f09800                g_ps16CMNCoefMin
                0x0000000081f0981c                g_ps16CMNCoefMax
                0x0000000081f09838                g_ps16CMNCoef
                0x0000000081f09854                Ivw27E189A73CA101486161704102408A5E3
                0x0000000081f09c54                Ivw283835773CA101486161704102408A5E3
                0x0000000081f09e94                Ivw27F72D573CA101486161704102408A5E3
                0x0000000081f0a1b4                Ivw28226EA73CA101486161704102408A5E3
                0x0000000081f0a344                Ivw2749BA873CA101486161704102408A5E3
                0x0000000081f0a644                Ivw275F8CA73CA101486161704102408A5E3

.__bss_end      0x0000000081f0aa70        0x0
 .__bss_end     0x0000000081f0aa70        0x0 ./src/interface.o

.__bss_start    0x0000000081f0aa70        0x0
 .__bss_start   0x0000000081f0aa70        0x0 ./src/interface.o

.bss            0x0000000081f0aa80     0x5270
                0x0000000081f0aa80                . = ALIGN (0x4)
                0x0000000081f0aa80                __bss_start = .
 *(.sbss.*)
 *(.bss.*)
 *(COMMON)
                0x0000000081f0aa80                . = ALIGN (0x4)
                0x0000000081f0aa80                __bss_end = .
 .bss           0x0000000081f0aa80        0x0 ./src/start.o
 .bss           0x0000000081f0aa80       0x20 ./src/interface.o
                0x0000000081f0aa80                g_sleep_buffer
                0x0000000081f0aa84                current_mode
                0x0000000081f0aa88                open_cnt
                0x0000000081f0aa8c                cpu_wakeup_by
                0x0000000081f0aa90                h_handler
 .bss           0x0000000081f0aaa0       0x20 ./src/dmic_ops.o
                0x0000000081f0aaa0                last_dma_count
                0x0000000081f0aaa4                dmic_recommend_thr
                0x0000000081f0aaa8                wakeup_failed_times
                0x0000000081f0aaac                cur_thr_value
                0x0000000081f0aab0                dmic_current_state
 .bss           0x0000000081f0aac0      0x150 ./src/dma_ops.o
                0x0000000081f0aac0                sleep_desc
                0x0000000081f0abc0                desc
                0x0000000081f0abc4                config
                0x0000000081f0ac08                dst_buf
                0x0000000081f0ac0c                src_buf
 .bss           0x0000000081f0ac10       0x30 ./src/rtc_ops.o
 .bss           0x0000000081f0ac40        0x0 ./src/jz_dma.o
 .bss           0x0000000081f0ac40        0x0 ./src/trigger_value_adjust.o
 .bss           0x0000000081f0ac40     0x50a0 ./src/voice_wakeup.o
                0x0000000081f0ac40                rx_fifo
                0x0000000081f0ac40                pResidentRAM
                0x0000000081f0ac60                pIvwObj
                0x0000000081f0ac80                nReisdentBuf
                0x0000000081f0acc0                pIvwObjBuf
                0x0000000081f0fcc0                total_process_len
 .bss           0x0000000081f0fce0       0x10 ./src/tcu_timer.o
                0x0000000081f0fce0                save_tcsr
                0x0000000081f0fce4                time
                0x0000000081f0fce8                clk_enabled
 .bss           0x0000000081f0fcf0        0x0 ./lib/libivw3_6.a(IvwObj.o)
 .bss           0x0000000081f0fcf0        0x0 ./lib/libivw3_6.a(IvwEngine.o)
 .bss           0x0000000081f0fcf0        0x0 ./lib/libivw3_6.a(IvwFront.o)
 .bss           0x0000000081f0fcf0        0x0 ./lib/libivw3_6.a(IvwMiniDecoder.o)
 .bss           0x0000000081f0fcf0        0x0 ./lib/libivw3_6.a(IvwMemory.o)
 .bss           0x0000000081f0fcf0        0x0 ./lib/libivw3_6.a(IvwMath.o)
 .bss           0x0000000081f0fcf0        0x0 ./lib/libivw3_6.a(IvwFrontConst.o)
 .bss           0x0000000081f0fcf0        0x0 ./lib/libivw3_6.a(IvwFrontCache.o)

.voice_res      0x0000000081f28000        0x0
 .voice_res     0x0000000081f28000        0x0 ./src/voice_wakeup.o

/DISCARD/
 *(COMMON)
 *(.pdri)
 *(.comment)
 *(.gnu.attributes)
 *(.reginfo)
LOAD ./src/start.o
LOAD ./src/interface.o
LOAD ./src/dmic_ops.o
LOAD ./src/dma_ops.o
LOAD ./src/rtc_ops.o
LOAD ./src/jz_dma.o
LOAD ./src/trigger_value_adjust.o
LOAD ./src/voice_wakeup.o
LOAD ./src/tcu_timer.o
LOAD ./lib/libivw3_6.a
OUTPUT(./tmp.elf elf32-tradlittlemips)

.pdr            0x0000000000000000     0x1040
 .pdr           0x0000000000000000        0x0 ./src/start.o
 .pdr           0x0000000000000000      0x2a0 ./src/interface.o
 .pdr           0x00000000000002a0      0x200 ./src/dmic_ops.o
 .pdr           0x00000000000004a0      0x140 ./src/dma_ops.o
 .pdr           0x00000000000005e0      0x100 ./src/rtc_ops.o
 .pdr           0x00000000000006e0       0xc0 ./src/jz_dma.o
 .pdr           0x00000000000007a0       0x40 ./src/trigger_value_adjust.o
 .pdr           0x00000000000007e0      0x160 ./src/voice_wakeup.o
 .pdr           0x0000000000000940      0x100 ./src/tcu_timer.o
 .pdr           0x0000000000000a40      0x140 ./lib/libivw3_6.a(IvwObj.o)
 .pdr           0x0000000000000b80       0xe0 ./lib/libivw3_6.a(IvwEngine.o)
 .pdr           0x0000000000000c60      0x100 ./lib/libivw3_6.a(IvwFront.o)
 .pdr           0x0000000000000d60      0x1e0 ./lib/libivw3_6.a(IvwMiniDecoder.o)
 .pdr           0x0000000000000f40       0x60 ./lib/libivw3_6.a(IvwMemory.o)
 .pdr           0x0000000000000fa0       0x60 ./lib/libivw3_6.a(IvwMath.o)
 .pdr           0x0000000000001000        0x0 ./lib/libivw3_6.a(IvwFrontConst.o)
 .pdr           0x0000000000001000       0x40 ./lib/libivw3_6.a(IvwFrontCache.o)

.mdebug.abi32   0x0000000000000000        0x0
 .mdebug.abi32  0x0000000000000000        0x0 ./src/interface.o
 .mdebug.abi32  0x0000000000000000        0x0 ./src/dmic_ops.o
 .mdebug.abi32  0x0000000000000000        0x0 ./src/dma_ops.o
 .mdebug.abi32  0x0000000000000000        0x0 ./src/rtc_ops.o
 .mdebug.abi32  0x0000000000000000        0x0 ./src/jz_dma.o
 .mdebug.abi32  0x0000000000000000        0x0 ./src/trigger_value_adjust.o
 .mdebug.abi32  0x0000000000000000        0x0 ./src/voice_wakeup.o
 .mdebug.abi32  0x0000000000000000        0x0 ./src/tcu_timer.o
 .mdebug.abi32  0x0000000000000000        0x0 ./lib/libivw3_6.a(IvwObj.o)
 .mdebug.abi32  0x0000000000000000        0x0 ./lib/libivw3_6.a(IvwEngine.o)
 .mdebug.abi32  0x0000000000000000        0x0 ./lib/libivw3_6.a(IvwFront.o)
 .mdebug.abi32  0x0000000000000000        0x0 ./lib/libivw3_6.a(IvwMiniDecoder.o)
 .mdebug.abi32  0x0000000000000000        0x0 ./lib/libivw3_6.a(IvwMemory.o)
 .mdebug.abi32  0x0000000000000000        0x0 ./lib/libivw3_6.a(IvwMath.o)
 .mdebug.abi32  0x0000000000000000        0x0 ./lib/libivw3_6.a(IvwFrontConst.o)
 .mdebug.abi32  0x0000000000000000        0x0 ./lib/libivw3_6.a(IvwFrontCache.o)
